// Jest Snapshot v1, https://goo.gl/fbAQLP

exports[`Modal Panel is rendered 1`] = `
<body
  style="padding-right: 0px; overflow: hidden;"
>
  <div
    role="presentation"
    style="position: fixed; z-index: 1300; right: 0px; bottom: 0px; top: 0px; left: 0px;"
  >
    <div
      aria-hidden="true"
      style="z-index: -1; position: fixed; right: 0px; bottom: 0px; top: 0px; left: 0px; background-color: rgba(0, 0, 0, 0.5);"
    />
    <div
      data-test="sentinelStart"
      tabindex="0"
    />
    <div
      class="ModalPanel-modal-2"
      tabindex="-1"
    >
      <div>
        <button
          aria-label="close"
          class="MuiButtonBase-root MuiIconButton-root ModalPanel-closeIcon-1"
          tabindex="0"
          type="button"
        >
          <span
            class="MuiIconButton-label"
          >
            <svg
              aria-hidden="true"
              class="MuiSvgIcon-root MuiSvgIcon-fontSizeSmall"
              focusable="false"
              viewBox="0 0 24 24"
            >
              <path
                d="M19 6.41L17.59 5 12 10.59 6.41 5 5 6.41 10.59 12 5 17.59 6.41 19 12 13.41 17.59 19 19 17.59 13.41 12z"
              />
            </svg>
          </span>
          <span
            class="MuiTouchRipple-root"
          />
        </button>
        <div
          class="ModalPanel-header-3"
        >
          <h6
            class="MuiTypography-root MuiTypography-h6 MuiTypography-noWrap"
          >
            Modal title
          </h6>
          <h6
            class="MuiTypography-root MuiTypography-subtitle2 MuiTypography-colorTextSecondary"
          >
            Modal subtitle
          </h6>
        </div>
      </div>
      <span>
        This is a modal panel.
      </span>
    </div>
    <div
      data-test="sentinelEnd"
      tabindex="0"
    />
  </div>
</body>
`;
